#
# There is insufficient memory for the Java Runtime Environment to continue.
# Native memory allocation (mmap) failed to map 258998272 bytes. Error detail: G1 virtual space
# Possible reasons:
#   The system is out of physical RAM or swap space
#   This process is running with CompressedOops enabled, and the Java Heap may be blocking the growth of the native heap
# Possible solutions:
#   Reduce memory load on the system
#   Increase physical memory or swap space
#   Check if swap backing store is full
#   Decrease Java heap size (-Xmx/-Xms)
#   Decrease number of Java threads
#   Decrease Java thread stack sizes (-Xss)
#   Set larger code cache with -XX:ReservedCodeCacheSize=
#   JVM is running with Unscaled Compressed Oops mode in which the Java heap is
#     placed in the first 4GB address space. The Java Heap base address is the
#     maximum limit for the native heap growth. Please use -XX:HeapBaseMinAddress
#     to set the Java Heap base and to place the Java Heap above 4GB virtual address.
# This output file may be truncated or incomplete.
#
#  Out of Memory Error (os_windows.cpp:3825), pid=78664, tid=105220
#
# JRE version: OpenJDK Runtime Environment JBR-17.0.12+1-1087.25-jcef (17.0.12+1) (build 17.0.12+1-b1087.25)
# Java VM: OpenJDK 64-Bit Server VM JBR-17.0.12+1-1087.25-jcef (17.0.12+1-b1087.25, mixed mode, tiered, compressed oops, compressed class ptrs, g1 gc, windows-amd64)
# No core dump will be written. Minidumps are not enabled by default on client versions of Windows
#

---------------  S U M M A R Y ------------

Command Line: -Xmx512m D:\devecostudio\5.1.1.851\5.1.1.deveco\DevEco-Studio\tools\hvigor\hvigor\lib\hvigor-java-daemon.jar 45050 0000005098fad2d14c70986d2c71c9464c1b75b39191c0d76edc1a656c29a04618769385cd9f58b3eb144cce2422339b8be47b4ea8c0d8d4acce7154cbc94536a2c6bf29fb66f635c65f3bea1ff12f89f82eda84efda78d448dad3a59b568424

Host: Intel(R) Core(TM) i7-9700 CPU @ 3.00GHz, 8 cores, 31G,  Windows 10 , 64 bit Build 19041 (10.0.19041.2364)
Time: Sat Apr 25 16:03:59 2026  Windows 10 , 64 bit Build 19041 (10.0.19041.2364) elapsed time: 5746.413625 seconds (0d 1h 35m 46s)

---------------  T H R E A D  ---------------

Current thread (0x0000021a9ae88c80):  VMThread "VM Thread" [stack: 0x0000009e01400000,0x0000009e01500000] [id=105220]

Stack: [0x0000009e01400000,0x0000009e01500000]
Native frames: (J=compiled Java code, j=interpreted, Vv=VM code, C=native code)
V  [jvm.dll+0x688dd9]
V  [jvm.dll+0x842eaa]
V  [jvm.dll+0x844aee]
V  [jvm.dll+0x845153]
V  [jvm.dll+0x24ba3f]
V  [jvm.dll+0x685ba9]
V  [jvm.dll+0x67a45a]
V  [jvm.dll+0x30c60b]
V  [jvm.dll+0x313ab6]
V  [jvm.dll+0x363c6e]
V  [jvm.dll+0x363e9f]
V  [jvm.dll+0x2e2658]
V  [jvm.dll+0x2e09bc]
V  [jvm.dll+0x2dff8c]
V  [jvm.dll+0x32479b]
V  [jvm.dll+0x84984b]
V  [jvm.dll+0x84a582]
V  [jvm.dll+0x84aa9d]
V  [jvm.dll+0x84ae74]
V  [jvm.dll+0x84af40]
V  [jvm.dll+0x7f17da]
V  [jvm.dll+0x687c55]
C  [ucrtbase.dll+0x21bb2]
C  [KERNEL32.DLL+0x17614]
C  [ntdll.dll+0x526a1]

VM_Operation (0x0000009e00bfd690): G1CollectForAllocation, mode: safepoint, requested by thread 0x0000021a9b566a00


---------------  P R O C E S S  ---------------

Threads class SMR info:
_java_thread_list=0x0000021aa062b0b0, length=23, elements={
0x0000021a9af3ef00, 0x0000021a9af3fd80, 0x0000021a9ae8eae0, 0x0000021a9af93d30,
0x0000021a9af94600, 0x0000021a9af94ed0, 0x0000021a9af95ad0, 0x0000021a9af96580,
0x0000021a9afa9cf0, 0x0000021a9b11fd10, 0x0000021a9b128990, 0x0000021a9b1d5010,
0x0000021a82726e40, 0x0000021a9b552270, 0x0000021a9b541b20, 0x0000021a9b542000,
0x0000021a9b54d3d0, 0x0000021a9b563c50, 0x0000021a9b5664f0, 0x0000021a9b5650b0,
0x0000021a9b5655c0, 0x0000021a9b567420, 0x0000021a9b566a00
}

Java Threads: ( => current thread )
  0x0000021a9af3ef00 JavaThread "Reference Handler" daemon [_thread_blocked, id=110496, stack(0x0000009e01500000,0x0000009e01600000)]
  0x0000021a9af3fd80 JavaThread "Finalizer" daemon [_thread_blocked, id=32532, stack(0x0000009e01600000,0x0000009e01700000)]
  0x0000021a9ae8eae0 JavaThread "Signal Dispatcher" daemon [_thread_blocked, id=13752, stack(0x0000009e01700000,0x0000009e01800000)]
  0x0000021a9af93d30 JavaThread "Attach Listener" daemon [_thread_blocked, id=13028, stack(0x0000009e01800000,0x0000009e01900000)]
  0x0000021a9af94600 JavaThread "Service Thread" daemon [_thread_blocked, id=82976, stack(0x0000009e01900000,0x0000009e01a00000)]
  0x0000021a9af94ed0 JavaThread "Monitor Deflation Thread" daemon [_thread_blocked, id=14348, stack(0x0000009e01a00000,0x0000009e01b00000)]
  0x0000021a9af95ad0 JavaThread "C2 CompilerThread0" daemon [_thread_blocked, id=109856, stack(0x0000009e01b00000,0x0000009e01c00000)]
  0x0000021a9af96580 JavaThread "C1 CompilerThread0" daemon [_thread_blocked, id=14260, stack(0x0000009e01c00000,0x0000009e01d00000)]
  0x0000021a9afa9cf0 JavaThread "Sweeper thread" daemon [_thread_blocked, id=103096, stack(0x0000009e01d00000,0x0000009e01e00000)]
  0x0000021a9b11fd10 JavaThread "Notification Thread" daemon [_thread_blocked, id=46932, stack(0x0000009e01e00000,0x0000009e01f00000)]
  0x0000021a9b128990 JavaThread "Common-Cleaner" daemon [_thread_blocked, id=44256, stack(0x0000009e02000000,0x0000009e02100000)]
  0x0000021a9b1d5010 JavaThread "WebSocketSelector-23" [_thread_in_native, id=46120, stack(0x0000009e02100000,0x0000009e02200000)]
  0x0000021a82726e40 JavaThread "DestroyJavaVM" [_thread_blocked, id=105492, stack(0x0000009e00e00000,0x0000009e00f00000)]
  0x0000021a9b552270 JavaThread "connectionLostChecker-1" [_thread_blocked, id=9440, stack(0x0000009e02200000,0x0000009e02300000)]
  0x0000021a9b541b20 JavaThread "WebSocketWorker-15" [_thread_blocked, id=112212, stack(0x0000009e02300000,0x0000009e02400000)]
  0x0000021a9b542000 JavaThread "WebSocketWorker-16" [_thread_blocked, id=112556, stack(0x0000009e02400000,0x0000009e02500000)]
  0x0000021a9b54d3d0 JavaThread "WebSocketWorker-17" [_thread_blocked, id=37964, stack(0x0000009e02500000,0x0000009e02600000)]
  0x0000021a9b563c50 JavaThread "WebSocketWorker-18" [_thread_blocked, id=112400, stack(0x0000009e02600000,0x0000009e02700000)]
  0x0000021a9b5664f0 JavaThread "WebSocketWorker-19" [_thread_blocked, id=42060, stack(0x0000009e02700000,0x0000009e02800000)]
  0x0000021a9b5650b0 JavaThread "WebSocketWorker-20" [_thread_blocked, id=113336, stack(0x0000009e02800000,0x0000009e02900000)]
  0x0000021a9b5655c0 JavaThread "WebSocketWorker-21" [_thread_blocked, id=67612, stack(0x0000009e02900000,0x0000009e02a00000)]
  0x0000021a9b567420 JavaThread "WebSocketWorker-22" [_thread_blocked, id=97980, stack(0x0000009e02a00000,0x0000009e02b00000)]
  0x0000021a9b566a00 JavaThread "pool-1-thread-10" [_thread_blocked, id=48932, stack(0x0000009e00b00000,0x0000009e00c00000)]

Other Threads:
=>0x0000021a9ae88c80 VMThread "VM Thread" [stack: 0x0000009e01400000,0x0000009e01500000] [id=105220]
  0x0000021a9b120800 WatcherThread [stack: 0x0000009e01f00000,0x0000009e02000000] [id=112692]
  0x0000021a82755720 GCTaskThread "GC Thread#0" [stack: 0x0000009e00f00000,0x0000009e01000000] [id=11180]
  0x0000021a9b8a8850 GCTaskThread "GC Thread#1" [stack: 0x0000009e02d00000,0x0000009e02e00000] [id=26872]
  0x0000021a9b956040 GCTaskThread "GC Thread#2" [stack: 0x0000009e02e00000,0x0000009e02f00000] [id=39428]
  0x0000021a9bab2910 GCTaskThread "GC Thread#3" [stack: 0x0000009e02f00000,0x0000009e03000000] [id=11104]
  0x0000021a9bab2bd0 GCTaskThread "GC Thread#4" [stack: 0x0000009e03000000,0x0000009e03100000] [id=107600]
  0x0000021a9b9e0440 GCTaskThread "GC Thread#5" [stack: 0x0000009e03100000,0x0000009e03200000] [id=60888]
  0x0000021a9b9e0700 GCTaskThread "GC Thread#6" [stack: 0x0000009e03200000,0x0000009e03300000] [id=113548]
  0x0000021a9b9e09c0 GCTaskThread "GC Thread#7" [stack: 0x0000009e03300000,0x0000009e03400000] [id=39100]
  0x0000021a8275a670 ConcurrentGCThread "G1 Main Marker" [stack: 0x0000009e01000000,0x0000009e01100000] [id=89996]
  0x0000021a8275b090 ConcurrentGCThread "G1 Conc#0" [stack: 0x0000009e01100000,0x0000009e01200000] [id=106028]
  0x0000021a9ad821e0 ConcurrentGCThread "G1 Refine#0" [stack: 0x0000009e01200000,0x0000009e01300000] [id=19204]
  0x0000021a9ad82c10 ConcurrentGCThread "G1 Service" [stack: 0x0000009e01300000,0x0000009e01400000] [id=18252]

Threads with active compile tasks:
C2 CompilerThread0  5746433 2120       4       org.apache.commons.compress.archivers.zip.ZipArchiveOutputStream::putArchiveEntry (292 bytes)

VM state: at safepoint (normal execution)

VM Mutex/Monitor currently owned by a thread:  ([mutex/lock_event])
[0x0000021a827227c0] Threads_lock - owner thread: 0x0000021a9ae88c80
[0x0000021a827234b0] Heap_lock - owner thread: 0x0000021a9b566a00

Heap address: 0x00000000e0000000, size: 512 MB, Compressed Oops mode: 32-bit

CDS archive(s) not mapped
Compressed class space mapped at: 0x0000000100000000-0x0000000140000000, reserved size: 1073741824
Narrow klass base: 0x0000000000000000, Narrow klass shift: 3, Narrow klass range: 0x140000000

GC Precious Log:
 CPUs: 8 total, 8 available
 Memory: 32603M
 Large Page Support: Disabled
 NUMA Support: Disabled
 Compressed Oops: Enabled (32-bit)
 Heap Region Size: 1M
 Heap Min Capacity: 8M
 Heap Initial Capacity: 510M
 Heap Max Capacity: 512M
 Pre-touch: Disabled
 Parallel Workers: 8
 Concurrent Workers: 2
 Concurrent Refinement Workers: 8
 Periodic GC: Disabled

Heap:
 garbage-first heap   total 17408K, used 4674K [0x00000000e0000000, 0x0000000100000000)
  region size 1024K, 1 young (1024K), 1 survivors (1024K)
 Metaspace       used 19786K, committed 19968K, reserved 1114112K
  class space    used 1836K, committed 1984K, reserved 1048576K

Heap Regions: E=young(eden), S=young(survivor), O=old, HS=humongous(starts), HC=humongous(continues), CS=collection set, F=free, OA=open archive, CA=closed archive, TAMS=top-at-mark-start (previous, next)
|   0|0x00000000e0000000, 0x00000000e00ffe88, 0x00000000e0100000| 99%| O|  |TAMS 0x00000000e00ffe88, 0x00000000e0000000| Untracked 
|   1|0x00000000e0100000, 0x00000000e01fff80, 0x00000000e0200000| 99%| O|  |TAMS 0x00000000e01fff80, 0x00000000e0100000| Untracked 
|   2|0x00000000e0200000, 0x00000000e02ffe90, 0x00000000e0300000| 99%| O|  |TAMS 0x00000000e02ffe90, 0x00000000e0200000| Untracked 
|   3|0x00000000e0300000, 0x00000000e03ffff0, 0x00000000e0400000| 99%| O|  |TAMS 0x00000000e03ffff0, 0x00000000e0300000| Untracked 
|   4|0x00000000e0400000, 0x00000000e0444548, 0x00000000e0500000| 26%| O|  |TAMS 0x00000000e0400000, 0x00000000e0400000| Untracked 
|   5|0x00000000e0500000, 0x00000000e0500000, 0x00000000e0600000|  0%| F|  |TAMS 0x00000000e0500000, 0x00000000e0500000| Untracked 
|   6|0x00000000e0600000, 0x00000000e0600000, 0x00000000e0700000|  0%| F|  |TAMS 0x00000000e0600000, 0x00000000e0600000| Untracked 
|   7|0x00000000e0700000, 0x00000000e074c8f0, 0x00000000e0800000| 29%| S|CS|TAMS 0x00000000e0700000, 0x00000000e0700000| Complete 
|   8|0x00000000e0800000, 0x00000000e0800000, 0x00000000e0900000|  0%| F|  |TAMS 0x00000000e0800000, 0x00000000e0800000| Untracked 
|   9|0x00000000e0900000, 0x00000000e0900000, 0x00000000e0a00000|  0%| F|  |TAMS 0x00000000e0900000, 0x00000000e0900000| Untracked 
|  10|0x00000000e0a00000, 0x00000000e0a00000, 0x00000000e0b00000|  0%| F|  |TAMS 0x00000000e0a00000, 0x00000000e0a00000| Untracked 
|  11|0x00000000e0b00000, 0x00000000e0b00000, 0x00000000e0c00000|  0%| F|  |TAMS 0x00000000e0b00000, 0x00000000e0b00000| Untracked 
|  12|0x00000000e0c00000, 0x00000000e0c00000, 0x00000000e0d00000|  0%| F|  |TAMS 0x00000000e0c00000, 0x00000000e0c00000| Untracked 
|  13|0x00000000e0d00000, 0x00000000e0d00000, 0x00000000e0e00000|  0%| F|  |TAMS 0x00000000e0d00000, 0x00000000e0d00000| Untracked 
|  14|0x00000000e0e00000, 0x00000000e0e00000, 0x00000000e0f00000|  0%| F|  |TAMS 0x00000000e0e00000, 0x00000000e0e00000| Untracked 
|  15|0x00000000e0f00000, 0x00000000e0f00000, 0x00000000e1000000|  0%| F|  |TAMS 0x00000000e0f00000, 0x00000000e0f00000| Untracked 
|  16|0x00000000e1000000, 0x00000000e1000000, 0x00000000e1100000|  0%| F|  |TAMS 0x00000000e1000000, 0x00000000e1000000| Untracked 

Card table byte_map: [0x0000021a971e0000,0x0000021a972e0000] _byte_map_base: 0x0000021a96ae0000

Marking Bits (Prev, Next): (CMBitMap*) 0x0000021a82755d80, (CMBitMap*) 0x0000021a82755d40
 Prev Bits: [0x0000021a97be0000, 0x0000021a983e0000)
 Next Bits: [0x0000021a973e0000, 0x0000021a97be0000)

Polling page: 0x0000021a825d0000

Metaspace:

Usage:
  Non-class:     17.53 MB used.
      Class:      1.79 MB used.
       Both:     19.32 MB used.

Virtual space:
  Non-class space:       64.00 MB reserved,      17.56 MB ( 27%) committed,  1 nodes.
      Class space:        1.00 GB reserved,       1.94 MB ( <1%) committed,  1 nodes.
             Both:        1.06 GB reserved,      19.50 MB (  2%) committed. 

Chunk freelists:
   Non-Class:  14.13 MB
       Class:  14.05 MB
        Both:  28.18 MB

MaxMetaspaceSize: unlimited
CompressedClassSpaceSize: 1.00 GB
Initial GC threshold: 21.00 MB
Current GC threshold: 32.31 MB
CDS: off
MetaspaceReclaimPolicy: balanced
 - commit_granule_bytes: 65536.
 - commit_granule_words: 8192.
 - virtual_space_node_default_size: 8388608.
 - enlarge_chunks_in_place: 1.
 - new_chunks_are_fully_committed: 0.
 - uncommit_free_chunks: 1.
 - use_allocation_guard: 0.
 - handle_deallocations: 1.


Internal statistics:

num_allocs_failed_limit: 0.
num_arena_births: 56.
num_arena_deaths: 6.
num_vsnodes_births: 2.
num_vsnodes_deaths: 0.
num_space_committed: 312.
num_space_uncommitted: 0.
num_chunks_returned_to_freelist: 6.
num_chunks_taken_from_freelist: 311.
num_chunk_merges: 0.
num_chunk_splits: 213.
num_chunks_enlarged: 176.
num_inconsistent_stats: 0.

CodeHeap 'non-profiled nmethods': size=120000Kb used=1094Kb max_used=1094Kb free=118906Kb
 bounds [0x0000021a8f140000, 0x0000021a8f3b0000, 0x0000021a96670000]
CodeHeap 'profiled nmethods': size=120000Kb used=4033Kb max_used=4033Kb free=115966Kb
 bounds [0x0000021a87670000, 0x0000021a87a70000, 0x0000021a8eba0000]
CodeHeap 'non-nmethods': size=5760Kb used=1227Kb max_used=1262Kb free=4532Kb
 bounds [0x0000021a8eba0000, 0x0000021a8ee10000, 0x0000021a8f140000]
 total_blobs=2653 nmethods=2119 adapters=446
 compilation: enabled
              stopped_count=0, restarted_count=0
 full_count=0

Compilation events (20 events):
Event: 5746.282 Thread 0x0000021a9af96580 nmethod 2110 0x0000021a8f250910 code [0x0000021a8f250aa0, 0x0000021a8f250b78]
Event: 5746.284 Thread 0x0000021a9af95ad0 2111       4       java.lang.ref.Cleaner::register (25 bytes)
Event: 5746.285 Thread 0x0000021a9af95ad0 nmethod 2111 0x0000021a8f250c10 code [0x0000021a8f250da0, 0x0000021a8f250fe8]
Event: 5746.287 Thread 0x0000021a9af95ad0 2112       4       java.util.Arrays::fill (21 bytes)
Event: 5746.288 Thread 0x0000021a9af95ad0 nmethod 2112 0x0000021a8f251190 code [0x0000021a8f251300, 0x0000021a8f251438]
Event: 5746.291 Thread 0x0000021a9af95ad0 2113       4       jdk.internal.ref.CleanerImpl$PhantomCleanableRef::performCleanup (10 bytes)
Event: 5746.292 Thread 0x0000021a9af95ad0 nmethod 2113 0x0000021a8f251510 code [0x0000021a8f251680, 0x0000021a8f251718]
Event: 5746.363 Thread 0x0000021a9af96580 2114       3       java.util.concurrent.locks.LockSupport::setCurrentBlocker (14 bytes)
Event: 5746.364 Thread 0x0000021a9af96580 nmethod 2114 0x0000021a87a5d790 code [0x0000021a87a5d940, 0x0000021a87a5db68]
Event: 5746.378 Thread 0x0000021a9af96580 2115       3       java.util.HashSet::iterator (13 bytes)
Event: 5746.378 Thread 0x0000021a9af96580 nmethod 2115 0x0000021a87a5dc10 code [0x0000021a87a5ddc0, 0x0000021a87a5e058]
Event: 5746.378 Thread 0x0000021a9af96580 2116       3       java.util.HashMap$KeySet::iterator (12 bytes)
Event: 5746.379 Thread 0x0000021a9af96580 nmethod 2116 0x0000021a87a5e190 code [0x0000021a87a5e340, 0x0000021a87a5e5a8]
Event: 5746.379 Thread 0x0000021a9af96580 2117       3       java.util.HashMap$KeyIterator::<init> (11 bytes)
Event: 5746.379 Thread 0x0000021a9af96580 nmethod 2117 0x0000021a87a5e690 code [0x0000021a87a5e840, 0x0000021a87a5e9c8]
Event: 5746.400 Thread 0x0000021a9af96580 2118   !   3       ohos.FileUtils::closeStream (56 bytes)
Event: 5746.401 Thread 0x0000021a9af96580 nmethod 2118 0x0000021a87a5ea90 code [0x0000021a87a5eda0, 0x0000021a87a5fd78]
Event: 5746.401 Thread 0x0000021a9af96580 2119       3       com.alibaba.fastjson2.JSONWriter::isRefDetect (25 bytes)
Event: 5746.401 Thread 0x0000021a9af96580 nmethod 2119 0x0000021a87a60290 code [0x0000021a87a60420, 0x0000021a87a605b8]
Event: 5746.401 Thread 0x0000021a9af95ad0 2120       4       org.apache.commons.compress.archivers.zip.ZipArchiveOutputStream::putArchiveEntry (292 bytes)

GC Heap History (20 events):
Event: 1949.280 GC heap after
{Heap after GC invocations=23 (full 8):
 garbage-first heap   total 20480K, used 4298K [0x00000000e0000000, 0x0000000100000000)
  region size 1024K, 0 young (0K), 0 survivors (0K)
 Metaspace       used 19659K, committed 19904K, reserved 1114112K
  class space    used 1828K, committed 1984K, reserved 1048576K
}
Event: 5260.447 GC heap before
{Heap before GC invocations=23 (full 8):
 garbage-first heap   total 20480K, used 15562K [0x00000000e0000000, 0x0000000100000000)
  region size 1024K, 10 young (10240K), 0 survivors (0K)
 Metaspace       used 19665K, committed 19904K, reserved 1114112K
  class space    used 1828K, committed 1984K, reserved 1048576K
}
Event: 5260.448 GC heap after
{Heap after GC invocations=24 (full 8):
 garbage-first heap   total 20480K, used 4611K [0x00000000e0000000, 0x0000000100000000)
  region size 1024K, 1 young (1024K), 1 survivors (1024K)
 Metaspace       used 19665K, committed 19904K, reserved 1114112K
  class space    used 1828K, committed 1984K, reserved 1048576K
}
Event: 5260.465 GC heap before
{Heap before GC invocations=24 (full 8):
 garbage-first heap   total 20480K, used 12803K [0x00000000e0000000, 0x0000000100000000)
  region size 1024K, 10 young (10240K), 1 survivors (1024K)
 Metaspace       used 19665K, committed 19904K, reserved 1114112K
  class space    used 1828K, committed 1984K, reserved 1048576K
}
Event: 5260.465 GC heap after
{Heap after GC invocations=25 (full 8):
 garbage-first heap   total 20480K, used 4636K [0x00000000e0000000, 0x0000000100000000)
  region size 1024K, 1 young (1024K), 1 survivors (1024K)
 Metaspace       used 19665K, committed 19904K, reserved 1114112K
  class space    used 1828K, committed 1984K, reserved 1048576K
}
Event: 5260.471 GC heap before
{Heap before GC invocations=25 (full 8):
 garbage-first heap   total 20480K, used 6684K [0x00000000e0000000, 0x0000000100000000)
  region size 1024K, 4 young (4096K), 1 survivors (1024K)
 Metaspace       used 19667K, committed 19904K, reserved 1114112K
  class space    used 1828K, committed 1984K, reserved 1048576K
}
Event: 5260.478 GC heap after
{Heap after GC invocations=26 (full 9):
 garbage-first heap   total 17408K, used 4237K [0x00000000e0000000, 0x0000000100000000)
  region size 1024K, 0 young (0K), 0 survivors (0K)
 Metaspace       used 19667K, committed 19904K, reserved 1114112K
  class space    used 1828K, committed 1984K, reserved 1048576K
}
Event: 5302.342 GC heap before
{Heap before GC invocations=26 (full 9):
 garbage-first heap   total 17408K, used 13453K [0x00000000e0000000, 0x0000000100000000)
  region size 1024K, 9 young (9216K), 0 survivors (0K)
 Metaspace       used 19675K, committed 19904K, reserved 1114112K
  class space    used 1828K, committed 1984K, reserved 1048576K
}
Event: 5302.343 GC heap after
{Heap after GC invocations=27 (full 9):
 garbage-first heap   total 17408K, used 4672K [0x00000000e0000000, 0x0000000100000000)
  region size 1024K, 1 young (1024K), 1 survivors (1024K)
 Metaspace       used 19675K, committed 19904K, reserved 1114112K
  class space    used 1828K, committed 1984K, reserved 1048576K
}
Event: 5302.358 GC heap before
{Heap before GC invocations=27 (full 9):
 garbage-first heap   total 17408K, used 11840K [0x00000000e0000000, 0x0000000100000000)
  region size 1024K, 9 young (9216K), 1 survivors (1024K)
 Metaspace       used 19675K, committed 19904K, reserved 1114112K
  class space    used 1828K, committed 1984K, reserved 1048576K
}
Event: 5302.358 GC heap after
{Heap after GC invocations=28 (full 9):
 garbage-first heap   total 17408K, used 4641K [0x00000000e0000000, 0x0000000100000000)
  region size 1024K, 1 young (1024K), 1 survivors (1024K)
 Metaspace       used 19675K, committed 19904K, reserved 1114112K
  class space    used 1828K, committed 1984K, reserved 1048576K
}
Event: 5302.368 GC heap before
{Heap before GC invocations=28 (full 9):
 garbage-first heap   total 17408K, used 7713K [0x00000000e0000000, 0x0000000100000000)
  region size 1024K, 6 young (6144K), 1 survivors (1024K)
 Metaspace       used 19676K, committed 19904K, reserved 1114112K
  class space    used 1828K, committed 1984K, reserved 1048576K
}
Event: 5302.381 GC heap after
{Heap after GC invocations=29 (full 10):
 garbage-first heap   total 17408K, used 4343K [0x00000000e0000000, 0x0000000100000000)
  region size 1024K, 0 young (0K), 0 survivors (0K)
 Metaspace       used 19676K, committed 19904K, reserved 1114112K
  class space    used 1828K, committed 1984K, reserved 1048576K
}
Event: 5704.785 GC heap before
{Heap before GC invocations=29 (full 10):
 garbage-first heap   total 17408K, used 13559K [0x00000000e0000000, 0x0000000100000000)
  region size 1024K, 9 young (9216K), 0 survivors (0K)
 Metaspace       used 19692K, committed 19904K, reserved 1114112K
  class space    used 1828K, committed 1984K, reserved 1048576K
}
Event: 5704.786 GC heap after
{Heap after GC invocations=30 (full 10):
 garbage-first heap   total 17408K, used 4637K [0x00000000e0000000, 0x0000000100000000)
  region size 1024K, 1 young (1024K), 1 survivors (1024K)
 Metaspace       used 19692K, committed 19904K, reserved 1114112K
  class space    used 1828K, committed 1984K, reserved 1048576K
}
Event: 5704.798 GC heap before
{Heap before GC invocations=30 (full 10):
 garbage-first heap   total 17408K, used 11805K [0x00000000e0000000, 0x0000000100000000)
  region size 1024K, 9 young (9216K), 1 survivors (1024K)
 Metaspace       used 19692K, committed 19904K, reserved 1114112K
  class space    used 1828K, committed 1984K, reserved 1048576K
}
Event: 5704.799 GC heap after
{Heap after GC invocations=31 (full 10):
 garbage-first heap   total 17408K, used 4661K [0x00000000e0000000, 0x0000000100000000)
  region size 1024K, 1 young (1024K), 1 survivors (1024K)
 Metaspace       used 19692K, committed 19904K, reserved 1114112K
  class space    used 1828K, committed 1984K, reserved 1048576K
}
Event: 5704.808 GC heap before
{Heap before GC invocations=31 (full 10):
 garbage-first heap   total 17408K, used 7733K [0x00000000e0000000, 0x0000000100000000)
  region size 1024K, 6 young (6144K), 1 survivors (1024K)
 Metaspace       used 19693K, committed 19904K, reserved 1114112K
  class space    used 1828K, committed 1984K, reserved 1048576K
}
Event: 5704.819 GC heap after
{Heap after GC invocations=32 (full 11):
 garbage-first heap   total 17408K, used 4368K [0x00000000e0000000, 0x0000000100000000)
  region size 1024K, 0 young (0K), 0 survivors (0K)
 Metaspace       used 19693K, committed 19904K, reserved 1114112K
  class space    used 1828K, committed 1984K, reserved 1048576K
}
Event: 5746.411 GC heap before
{Heap before GC invocations=32 (full 11):
 garbage-first heap   total 17408K, used 13584K [0x00000000e0000000, 0x0000000100000000)
  region size 1024K, 9 young (9216K), 0 survivors (0K)
 Metaspace       used 19786K, committed 19968K, reserved 1114112K
  class space    used 1836K, committed 1984K, reserved 1048576K
}

Dll operation events (1 events):
Event: 0.008 Loaded shared library D:\devecostudio\5.1.1.851\5.1.1.deveco\DevEco-Studio\jbr\bin\java.dll

Deoptimization events (20 events):
Event: 5260.335 Thread 0x0000021a9b565fe0 DEOPT UNPACKING pc=0x0000021a8ebf69a3 sp=0x0000009e00cfe960 mode 2
Event: 5260.335 Thread 0x0000021a9b566a00 DEOPT UNPACKING pc=0x0000021a8ebf69a3 sp=0x0000009e00dfe860 mode 2
Event: 5260.335 Thread 0x0000021a9b565fe0 Uncommon trap: trap_request=0xffffff45 fr.pc=0x0000021a8f1dff10 relative=0x0000000000001f90
Event: 5260.335 Thread 0x0000021a9b565fe0 Uncommon trap: reason=unstable_if action=reinterpret pc=0x0000021a8f1dff10 method=java.lang.ThreadLocal$ThreadLocalMap.getEntry(Ljava/lang/ThreadLocal;)Ljava/lang/ThreadLocal$ThreadLocalMap$Entry; @ 29 c2
Event: 5260.335 Thread 0x0000021a9b565fe0 DEOPT PACKING pc=0x0000021a8f1dff10 sp=0x0000009e00cfefd0
Event: 5260.335 Thread 0x0000021a9b566a00 Uncommon trap: trap_request=0xffffff45 fr.pc=0x0000021a8f1f8cd4 relative=0x00000000000016f4
Event: 5260.335 Thread 0x0000021a9b565fe0 DEOPT UNPACKING pc=0x0000021a8ebf69a3 sp=0x0000009e00cfe950 mode 2
Event: 5260.335 Thread 0x0000021a9b566a00 Uncommon trap: reason=unstable_if action=reinterpret pc=0x0000021a8f1f8cd4 method=java.lang.ThreadLocal$ThreadLocalMap.getEntry(Ljava/lang/ThreadLocal;)Ljava/lang/ThreadLocal$ThreadLocalMap$Entry; @ 29 c2
Event: 5260.335 Thread 0x0000021a9b566a00 DEOPT PACKING pc=0x0000021a8f1f8cd4 sp=0x0000009e00dfee30
Event: 5260.335 Thread 0x0000021a9b566a00 DEOPT UNPACKING pc=0x0000021a8ebf69a3 sp=0x0000009e00dfe868 mode 2
Event: 5260.335 Thread 0x0000021a9b564690 Uncommon trap: trap_request=0xffffff45 fr.pc=0x0000021a8f1dff10 relative=0x0000000000001f90
Event: 5260.335 Thread 0x0000021a9b564690 Uncommon trap: reason=unstable_if action=reinterpret pc=0x0000021a8f1dff10 method=java.lang.ThreadLocal$ThreadLocalMap.getEntry(Ljava/lang/ThreadLocal;)Ljava/lang/ThreadLocal$ThreadLocalMap$Entry; @ 29 c2
Event: 5260.336 Thread 0x0000021a9b564690 DEOPT PACKING pc=0x0000021a8f1dff10 sp=0x0000009e035fea00
Event: 5260.336 Thread 0x0000021a9b564690 DEOPT UNPACKING pc=0x0000021a8ebf69a3 sp=0x0000009e035fe380 mode 2
Event: 5302.132 Thread 0x0000021a9b567930 DEOPT PACKING pc=0x0000021a879907ee sp=0x0000009e00dfe750
Event: 5302.132 Thread 0x0000021a9b567930 DEOPT UNPACKING pc=0x0000021a8ebf7143 sp=0x0000009e00dfdba8 mode 0
Event: 5704.674 Thread 0x0000021a9b566a00 Uncommon trap: trap_request=0xffffff6e fr.pc=0x0000021a8f23f474 relative=0x00000000000004b4
Event: 5704.674 Thread 0x0000021a9b566a00 Uncommon trap: reason=loop_limit_check action=maybe_recompile pc=0x0000021a8f23f474 method=java.util.regex.Pattern$Start.match(Ljava/util/regex/Matcher;ILjava/lang/CharSequence;)Z @ 34 c2
Event: 5704.674 Thread 0x0000021a9b566a00 DEOPT PACKING pc=0x0000021a8f23f474 sp=0x0000009e00bfdd10
Event: 5704.674 Thread 0x0000021a9b566a00 DEOPT UNPACKING pc=0x0000021a8ebf69a3 sp=0x0000009e00bfdc60 mode 2

Classes unloaded (3 events):
Event: 680.197 Thread 0x0000021a9ae88c80 Unloading class 0x000000010015d400 'java/lang/invoke/LambdaForm$DMH+0x000000010015d400'
Event: 680.197 Thread 0x0000021a9ae88c80 Unloading class 0x00000001000cc000 'java/lang/invoke/LambdaForm$DMH+0x00000001000cc000'
Event: 680.197 Thread 0x0000021a9ae88c80 Unloading class 0x00000001000c0c00 'java/lang/invoke/LambdaForm$DMH+0x00000001000c0c00'

Classes redefined (0 events):
No events

Internal exceptions (20 events):
Event: 0.172 Thread 0x0000021a9b1d5010 Exception <a 'java/lang/NoSuchMethodError'{0x00000000ffa81298}: 'java.lang.Object java.lang.invoke.DirectMethodHandle$Holder.invokeStaticInit(java.lang.Object)'> (0x00000000ffa81298) 
thrown [s\src\hotspot\share\interpreter\linkResolver.cpp, line 771]
Event: 0.198 Thread 0x0000021a9b1d5010 Exception <a 'java/lang/NoSuchMethodError'{0x00000000ffae4c18}: 'java.lang.Object java.lang.invoke.DirectMethodHandle$Holder.invokeStaticInit(java.lang.Object, int, int, int, int)'> (0x00000000ffae4c18) 
thrown [s\src\hotspot\share\interpreter\linkResolver.cpp, line 771]
Event: 0.261 Thread 0x0000021a9b1d5010 Exception <a 'java/lang/NoSuchMethodError'{0x00000000ff8a8748}: 'java.lang.Object java.lang.invoke.DirectMethodHandle$Holder.invokeStaticInit(java.lang.Object, java.lang.Object, int, int, int, int)'> (0x00000000ff8a8748) 
thrown [s\src\hotspot\share\interpreter\linkResolver.cpp, line 771]
Event: 23.838 Thread 0x0000021a9b541b20 Exception <a 'sun/nio/fs/WindowsException'{0x00000000ff2e0668}> (0x00000000ff2e0668) 
thrown [s\src\hotspot\share\prims\jni.cpp, line 517]
Event: 23.854 Thread 0x0000021a9b541b20 Exception <a 'java/lang/NoSuchMethodError'{0x00000000ff153798}: 'void java.lang.invoke.DirectMethodHandle$Holder.invokeSpecial(java.lang.Object, java.lang.Object, java.lang.Object, java.lang.Object, java.lang.Object)'> (0x00000000ff153798) 
thrown [s\src\hotspot\share\interpreter\linkResolver.cpp, line 771]
Event: 23.854 Thread 0x0000021a9b541b20 Exception <a 'java/lang/NoSuchMethodError'{0x00000000ff15b070}: 'java.lang.Object java.lang.invoke.DirectMethodHandle$Holder.newInvokeSpecial(java.lang.Object, java.lang.Object, java.lang.Object, java.lang.Object, java.lang.Object)'> (0x00000000ff15b070) 
thrown [s\src\hotspot\share\interpreter\linkResolver.cpp, line 771]
Event: 23.943 Thread 0x0000021a9b565ad0 Exception <a 'java/lang/NoSuchMethodError'{0x00000000fee5d798}: 'int java.lang.invoke.DirectMethodHandle$Holder.invokeSpecial(java.lang.Object, java.lang.Object, java.lang.Object)'> (0x00000000fee5d798) 
thrown [s\src\hotspot\share\interpreter\linkResolver.cpp, line 771]
Event: 23.945 Thread 0x0000021a9b565ad0 Exception <a 'java/lang/NoSuchMethodError'{0x00000000fee6f388}: 'java.lang.Object java.lang.invoke.DirectMethodHandle$Holder.newInvokeSpecial(java.lang.Object, java.lang.Object, java.lang.Object, int)'> (0x00000000fee6f388) 
thrown [s\src\hotspot\share\interpreter\linkResolver.cpp, line 771]
Event: 23.945 Thread 0x0000021a9b565ad0 Exception <a 'java/lang/NoSuchMethodError'{0x00000000fee73b88}: 'java.lang.Object java.lang.invoke.DirectMethodHandle$Holder.invokeSpecial(java.lang.Object, java.lang.Object, java.lang.Object, java.lang.Object, int)'> (0x00000000fee73b88) 
thrown [s\src\hotspot\share\interpreter\linkResolver.cpp, line 771]
Event: 23.946 Thread 0x0000021a9b565ad0 Exception <a 'java/lang/NoSuchMethodError'{0x00000000fee77768}: 'java.lang.Object java.lang.invoke.Invokers$Holder.invoke_MT(java.lang.Object, java.lang.Object, java.lang.Object, int, java.lang.Object)'> (0x00000000fee77768) 
thrown [s\src\hotspot\share\interpreter\linkResolver.cpp, line 771]
Event: 23.946 Thread 0x0000021a9b565ad0 Exception <a 'java/lang/NoSuchMethodError'{0x00000000fee81ff0}: 'java.lang.Object java.lang.invoke.DirectMethodHandle$Holder.newInvokeSpecial(java.lang.Object, java.lang.Object, int)'> (0x00000000fee81ff0) 
thrown [s\src\hotspot\share\interpreter\linkResolver.cpp, line 771]
Event: 24.096 Thread 0x0000021a9b565ad0 Exception <a 'java/lang/NoSuchMethodError'{0x00000000ffd147a8}: 'java.lang.Object java.lang.invoke.Invokers$Holder.invoke_MT(java.lang.Object, java.lang.Object, java.lang.Object, java.lang.Object, java.lang.Object)'> (0x00000000ffd147a8) 
thrown [s\src\hotspot\share\interpreter\linkResolver.cpp, line 771]
Event: 24.096 Thread 0x0000021a9b565ad0 Exception <a 'java/lang/NoSuchMethodError'{0x00000000ffd186e0}: 'int java.lang.invoke.Invokers$Holder.invokeExact_MT(java.lang.Object, java.lang.Object, java.lang.Object)'> (0x00000000ffd186e0) 
thrown [s\src\hotspot\share\interpreter\linkResolver.cpp, line 771]
Event: 24.096 Thread 0x0000021a9b565ad0 Exception <a 'java/lang/NoSuchMethodError'{0x00000000ffd1c568}: 'java.lang.Object java.lang.invoke.Invokers$Holder.invokeExact_MT(java.lang.Object, java.lang.Object, java.lang.Object)'> (0x00000000ffd1c568) 
thrown [s\src\hotspot\share\interpreter\linkResolver.cpp, line 771]
Event: 24.117 Thread 0x0000021a9b565ad0 Exception <a 'java/lang/NoSuchMethodError'{0x00000000ffcce8b0}: 'void java.lang.invoke.DirectMethodHandle$Holder.invokeStatic(java.lang.Object, java.lang.Object, java.lang.Object)'> (0x00000000ffcce8b0) 
thrown [s\src\hotspot\share\interpreter\linkResolver.cpp, line 771]
Event: 24.233 Thread 0x0000021a9b565ad0 Implicit null exception at 0x0000021a8f19e2a2 to 0x0000021a8f19f10c
Event: 24.327 Thread 0x0000021a9b565ad0 Implicit null exception at 0x0000021a8f1b6755 to 0x0000021a8f1b80d0
Event: 85.691 Thread 0x0000021a9b542000 Implicit null exception at 0x0000021a8f195b68 to 0x0000021a8f195bfc
Event: 85.691 Thread 0x0000021a9b542000 Implicit null exception at 0x0000021a8f195780 to 0x0000021a8f1957ec
Event: 85.705 Thread 0x0000021a9b566f10 Implicit null exception at 0x0000021a8f19a1a1 to 0x0000021a8f19a464

VM Operations (20 events):
Event: 5292.156 Executing VM operation: HandshakeAllThreads done
Event: 5302.260 Executing VM operation: Cleanup
Event: 5302.269 Executing VM operation: Cleanup done
Event: 5302.342 Executing VM operation: G1CollectForAllocation
Event: 5302.343 Executing VM operation: G1CollectForAllocation done
Event: 5302.358 Executing VM operation: G1CollectForAllocation
Event: 5302.358 Executing VM operation: G1CollectForAllocation done
Event: 5302.368 Executing VM operation: G1CollectFull
Event: 5302.381 Executing VM operation: G1CollectFull done
Event: 5352.414 Executing VM operation: HandshakeAllThreads
Event: 5352.414 Executing VM operation: HandshakeAllThreads done
Event: 5704.785 Executing VM operation: G1CollectForAllocation
Event: 5704.786 Executing VM operation: G1CollectForAllocation done
Event: 5704.798 Executing VM operation: G1CollectForAllocation
Event: 5704.799 Executing VM operation: G1CollectForAllocation done
Event: 5704.808 Executing VM operation: G1CollectFull
Event: 5704.819 Executing VM operation: G1CollectFull done
Event: 5713.151 Executing VM operation: HandshakeAllThreads
Event: 5713.151 Executing VM operation: HandshakeAllThreads done
Event: 5746.411 Executing VM operation: G1CollectForAllocation

Events (20 events):
Event: 5746.275 loading class jdk/internal/reflect/ClassDefiner$1
Event: 5746.275 loading class jdk/internal/reflect/ClassDefiner$1 done
Event: 5746.275 loading class jdk/internal/reflect/BootstrapConstructorAccessorImpl
Event: 5746.275 loading class jdk/internal/reflect/BootstrapConstructorAccessorImpl done
Event: 5746.282 Thread 0x0000021a9b567930 Thread added: 0x0000021a9b567930
Event: 5746.282 Thread 0x0000021a9b566f10 Thread added: 0x0000021a9b566f10
Event: 5746.282 Thread 0x0000021a9b564180 Thread added: 0x0000021a9b564180
Event: 5746.282 Thread 0x0000021a9b564690 Thread added: 0x0000021a9b564690
Event: 5746.282 Thread 0x0000021a9b565ad0 Thread added: 0x0000021a9b565ad0
Event: 5746.282 Thread 0x0000021a9b564ba0 Thread added: 0x0000021a9b564ba0
Event: 5746.282 Thread 0x0000021a9b565fe0 Thread added: 0x0000021a9b565fe0
Event: 5746.282 Thread 0x0000021a9b8ea4a0 Thread added: 0x0000021a9b8ea4a0
Event: 5746.378 Thread 0x0000021a9b564690 Thread exited: 0x0000021a9b564690
Event: 5746.378 Thread 0x0000021a9b565fe0 Thread exited: 0x0000021a9b565fe0
Event: 5746.378 Thread 0x0000021a9b567930 Thread exited: 0x0000021a9b567930
Event: 5746.378 Thread 0x0000021a9b565ad0 Thread exited: 0x0000021a9b565ad0
Event: 5746.378 Thread 0x0000021a9b566f10 Thread exited: 0x0000021a9b566f10
Event: 5746.378 Thread 0x0000021a9b8ea4a0 Thread exited: 0x0000021a9b8ea4a0
Event: 5746.378 Thread 0x0000021a9b564ba0 Thread exited: 0x0000021a9b564ba0
Event: 5746.379 Thread 0x0000021a9b564180 Thread exited: 0x0000021a9b564180


Dynamic libraries:
0x00007ff761090000 - 0x00007ff76109a000 	D:\devecostudio\5.1.1.851\5.1.1.deveco\DevEco-Studio\jbr\bin\java.exe
0x00007ffee33f0000 - 0x00007ffee35e8000 	C:\windows\SYSTEM32\ntdll.dll
0x00007ffee2190000 - 0x00007ffee224f000 	C:\windows\System32\KERNEL32.DLL
0x00007ffee0e90000 - 0x00007ffee1162000 	C:\windows\System32\KERNELBASE.dll
0x00007ffee0c00000 - 0x00007ffee0d00000 	C:\windows\System32\ucrtbase.dll
0x00007ffece340000 - 0x00007ffece357000 	D:\devecostudio\5.1.1.851\5.1.1.deveco\DevEco-Studio\jbr\bin\jli.dll
0x00007ffecdf20000 - 0x00007ffecdf3b000 	D:\devecostudio\5.1.1.851\5.1.1.deveco\DevEco-Studio\jbr\bin\VCRUNTIME140.dll
0x00007ffee1430000 - 0x00007ffee15d1000 	C:\windows\System32\USER32.dll
0x00007ffee0d00000 - 0x00007ffee0d22000 	C:\windows\System32\win32u.dll
0x00007ffee2250000 - 0x00007ffee227b000 	C:\windows\System32\GDI32.dll
0x00007ffebfb90000 - 0x00007ffebfe2a000 	C:\windows\WinSxS\amd64_microsoft.windows.common-controls_6595b64144ccf1df_6.0.19041.1110_none_60b5254171f9507e\COMCTL32.dll
0x00007ffee1170000 - 0x00007ffee127f000 	C:\windows\System32\gdi32full.dll
0x00007ffee2df0000 - 0x00007ffee2e8e000 	C:\windows\System32\msvcrt.dll
0x00007ffee0d30000 - 0x00007ffee0dcd000 	C:\windows\System32\msvcp_win.dll
0x00007ffee1750000 - 0x00007ffee1782000 	C:\windows\System32\IMM32.DLL
0x00007ffed95f0000 - 0x00007ffed95fc000 	D:\devecostudio\5.1.1.851\5.1.1.deveco\DevEco-Studio\jbr\bin\vcruntime140_1.dll
0x00007ffeb89f0000 - 0x00007ffeb8a7d000 	D:\devecostudio\5.1.1.851\5.1.1.deveco\DevEco-Studio\jbr\bin\msvcp140.dll
0x00007ffe5cf00000 - 0x00007ffe5db85000 	D:\devecostudio\5.1.1.851\5.1.1.deveco\DevEco-Studio\jbr\bin\server\jvm.dll
0x00007ffee2d40000 - 0x00007ffee2dee000 	C:\windows\System32\ADVAPI32.dll
0x00007ffee16b0000 - 0x00007ffee174c000 	C:\windows\System32\sechost.dll
0x00007ffee1d20000 - 0x00007ffee1e45000 	C:\windows\System32\RPCRT4.dll
0x00007ffee0160000 - 0x00007ffee01ab000 	C:\windows\SYSTEM32\POWRPROF.dll
0x00007ffecbf30000 - 0x00007ffecbf39000 	C:\windows\SYSTEM32\WSOCK32.dll
0x00007ffeb66a0000 - 0x00007ffeb66c7000 	C:\windows\SYSTEM32\WINMM.dll
0x00007ffee2120000 - 0x00007ffee218b000 	C:\windows\System32\WS2_32.dll
0x00007ffedb4c0000 - 0x00007ffedb4ca000 	C:\windows\SYSTEM32\VERSION.dll
0x00007ffee0050000 - 0x00007ffee0062000 	C:\windows\SYSTEM32\UMPDC.dll
0x00007ffede980000 - 0x00007ffede992000 	C:\windows\SYSTEM32\kernel.appcore.dll
0x00007ffecde80000 - 0x00007ffecde8a000 	D:\devecostudio\5.1.1.851\5.1.1.deveco\DevEco-Studio\jbr\bin\jimage.dll
0x00007ffecb200000 - 0x00007ffecb3e4000 	C:\windows\SYSTEM32\DBGHELP.DLL
0x00007ffecaf30000 - 0x00007ffecaf65000 	C:\windows\SYSTEM32\dbgcore.DLL
0x00007ffee0e00000 - 0x00007ffee0e82000 	C:\windows\System32\bcryptPrimitives.dll
0x00007ffeca010000 - 0x00007ffeca035000 	D:\devecostudio\5.1.1.851\5.1.1.deveco\DevEco-Studio\jbr\bin\java.dll
0x00007ffec69c0000 - 0x00007ffec69d8000 	D:\devecostudio\5.1.1.851\5.1.1.deveco\DevEco-Studio\jbr\bin\zip.dll
0x00007ffee2280000 - 0x00007ffee29c4000 	C:\windows\System32\SHELL32.dll
0x00007ffedeb80000 - 0x00007ffedf312000 	C:\windows\SYSTEM32\windows.storage.dll
0x00007ffee29e0000 - 0x00007ffee2d35000 	C:\windows\System32\combase.dll
0x00007ffee0460000 - 0x00007ffee0490000 	C:\windows\SYSTEM32\Wldp.dll
0x00007ffee1e50000 - 0x00007ffee1efd000 	C:\windows\System32\SHCORE.dll
0x00007ffee3350000 - 0x00007ffee33a5000 	C:\windows\System32\shlwapi.dll
0x00007ffee0a20000 - 0x00007ffee0a3f000 	C:\windows\SYSTEM32\profapi.dll
0x00007ffec6910000 - 0x00007ffec6929000 	D:\devecostudio\5.1.1.851\5.1.1.deveco\DevEco-Studio\jbr\bin\net.dll
0x00007ffedae10000 - 0x00007ffedaf1c000 	C:\windows\SYSTEM32\WINHTTP.dll
0x00007ffee0240000 - 0x00007ffee02aa000 	C:\windows\system32\mswsock.dll
0x00007ffec59d0000 - 0x00007ffec59e6000 	D:\devecostudio\5.1.1.851\5.1.1.deveco\DevEco-Studio\jbr\bin\nio.dll
0x00007ffecc2e0000 - 0x00007ffecc2e9000 	D:\devecostudio\5.1.1.851\5.1.1.deveco\DevEco-Studio\jbr\bin\extnet.dll
0x00007ffecde20000 - 0x00007ffecde2e000 	D:\devecostudio\5.1.1.851\5.1.1.deveco\DevEco-Studio\jbr\bin\sunmscapi.dll
0x00007ffee12d0000 - 0x00007ffee1426000 	C:\windows\System32\CRYPT32.dll
0x00007ffee05b0000 - 0x00007ffee05d7000 	C:\windows\SYSTEM32\ncrypt.dll
0x00007ffee0570000 - 0x00007ffee05ab000 	C:\windows\SYSTEM32\NTASN1.dll
0x00007ffecc0d0000 - 0x00007ffecc0d7000 	C:\windows\system32\wshunix.dll
0x00007ffee04a0000 - 0x00007ffee04b8000 	C:\windows\SYSTEM32\CRYPTSP.dll
0x00007ffedfaa0000 - 0x00007ffedfad4000 	C:\windows\system32\rsaenh.dll
0x00007ffee0dd0000 - 0x00007ffee0df7000 	C:\windows\System32\bcrypt.dll
0x00007ffee09e0000 - 0x00007ffee0a0e000 	C:\windows\SYSTEM32\USERENV.dll
0x00007ffee03d0000 - 0x00007ffee03dc000 	C:\windows\SYSTEM32\CRYPTBASE.dll
0x00007ffedfee0000 - 0x00007ffedff1b000 	C:\windows\SYSTEM32\IPHLPAPI.DLL
0x00007ffee15e0000 - 0x00007ffee15e8000 	C:\windows\System32\NSI.dll
0x00007ffedbe90000 - 0x00007ffedbea7000 	C:\windows\SYSTEM32\dhcpcsvc6.DLL
0x00007ffedbe70000 - 0x00007ffedbe8d000 	C:\windows\SYSTEM32\dhcpcsvc.DLL
0x00007ffedff20000 - 0x00007ffedffea000 	C:\windows\SYSTEM32\DNSAPI.dll
0x00007ffed93e0000 - 0x00007ffed93e9000 	D:\devecostudio\5.1.1.851\5.1.1.deveco\DevEco-Studio\jbr\bin\management.dll
0x00007ffed79c0000 - 0x00007ffed79cb000 	D:\devecostudio\5.1.1.851\5.1.1.deveco\DevEco-Studio\jbr\bin\management_ext.dll
0x00007ffee2060000 - 0x00007ffee2068000 	C:\windows\System32\PSAPI.DLL

dbghelp: loaded successfully - version: 4.0.5 - missing functions: none
symbol engine: initialized successfully - sym options: 0x614 - pdb path: .;D:\devecostudio\5.1.1.851\5.1.1.deveco\DevEco-Studio\jbr\bin;C:\windows\SYSTEM32;C:\windows\WinSxS\amd64_microsoft.windows.common-controls_6595b64144ccf1df_6.0.19041.1110_none_60b5254171f9507e;D:\devecostudio\5.1.1.851\5.1.1.deveco\DevEco-Studio\jbr\bin\server

VM Arguments:
jvm_args: -Xmx512m 
java_command: D:\devecostudio\5.1.1.851\5.1.1.deveco\DevEco-Studio\tools\hvigor\hvigor\lib\hvigor-java-daemon.jar 45050 0000005098fad2d14c70986d2c71c9464c1b75b39191c0d76edc1a656c29a04618769385cd9f58b3eb144cce2422339b8be47b4ea8c0d8d4acce7154cbc94536a2c6bf29fb66f635c65f3bea1ff12f89f82eda84efda78d448dad3a59b568424
java_class_path (initial): D:\devecostudio\5.1.1.851\5.1.1.deveco\DevEco-Studio\tools\hvigor\hvigor\lib\hvigor-java-daemon.jar
Launcher Type: SUN_STANDARD

[Global flags]
     intx CICompilerCount                          = 4                                         {product} {ergonomic}
     uint ConcGCThreads                            = 2                                         {product} {ergonomic}
     uint G1ConcRefinementThreads                  = 8                                         {product} {ergonomic}
   size_t G1HeapRegionSize                         = 1048576                                   {product} {ergonomic}
    uintx GCDrainStackTargetSize                   = 64                                        {product} {ergonomic}
   size_t InitialHeapSize                          = 534773760                                 {product} {ergonomic}
   size_t MarkStackSize                            = 4194304                                   {product} {ergonomic}
   size_t MaxHeapSize                              = 536870912                                 {product} {command line}
   size_t MaxNewSize                               = 321912832                                 {product} {ergonomic}
   size_t MinHeapDeltaBytes                        = 1048576                                   {product} {ergonomic}
   size_t MinHeapSize                              = 8388608                                   {product} {ergonomic}
    uintx NonNMethodCodeHeapSize                   = 5839372                                {pd product} {ergonomic}
    uintx NonProfiledCodeHeapSize                  = 122909434                              {pd product} {ergonomic}
    uintx ProfiledCodeHeapSize                     = 122909434                              {pd product} {ergonomic}
    uintx ReservedCodeCacheSize                    = 251658240                              {pd product} {ergonomic}
     bool SegmentedCodeCache                       = true                                      {product} {ergonomic}
   size_t SoftMaxHeapSize                          = 536870912                              {manageable} {ergonomic}
     bool UseCompressedClassPointers               = true                           {product lp64_product} {ergonomic}
     bool UseCompressedOops                        = true                           {product lp64_product} {ergonomic}
     bool UseG1GC                                  = true                                      {product} {ergonomic}
     bool UseLargePagesIndividualAllocation        = false                                  {pd product} {ergonomic}

Logging:
Log output configuration:
 #0: stdout all=warning uptime,level,tags
 #1: stderr all=off uptime,level,tags

Environment Variables:
JAVA_HOME=D:\devecostudio\5.1.1.851\5.1.1.deveco\DevEco-Studio\jbr
PATH=D:\devecostudio\5.1.1.851\5.1.1.deveco\DevEco-Studio\tools\node;D:\devecostudio\5.1.1.851\5.1.1.deveco\DevEco-Studio\jbr\bin;C:\windows\system32;C:\windows;C:\windows\System32\Wbem;C:\windows\System32\WindowsPowerShell\v1.0\;C:\windows\System32\OpenSSH\;D:\Git\cmd;D:\Bandizip\;C:\Users\xyhedj\.cangjie-sdk\5.0\cangjie\compiler\tools\bin\cjpm;C:\Users\xyhedj\AppData\Local\Microsoft\WindowsApps;D:\Microsoft VS Code\bin;;%DevEco Studio%
USERNAME=xyhedj
OS=Windows_NT
PROCESSOR_IDENTIFIER=Intel64 Family 6 Model 158 Stepping 13, GenuineIntel
TMP=C:\Users\xyhedj\AppData\Local\Temp
TEMP=C:\Users\xyhedj\AppData\Local\Temp



Periodic native trim disabled

JNI global refs:
JNI global refs: 17, weak refs: 3

JNI global refs memory usage: 843, weak refs: 841

OOME stack traces (most recent first):
Classloader memory used:
Loader bootstrap                                                                       : 1791K
Loader java.net.FactoryURLClassLoader                                                  : 565K
Loader jdk.internal.loader.ClassLoaders$AppClassLoader                                 : 79417B
Loader jdk.internal.loader.ClassLoaders$PlatformClassLoader                            : 38653B
Loader jdk.internal.reflect.DelegatingClassLoader                                      : 425B


---------------  S Y S T E M  ---------------

OS:
 Windows 10 , 64 bit Build 19041 (10.0.19041.2364)
OS uptime: 18 days 7:02 hours
Hyper-V role detected

CPU: total 8 (initial active 8) (8 cores per cpu, 1 threads per core) family 6 model 158 stepping 13 microcode 0xd6, cx8, cmov, fxsr, mmx, 3dnowpref, sse, sse2, sse3, ssse3, sse4.1, sse4.2, popcnt, lzcnt, tsc, tscinvbit, avx, avx2, aes, erms, clmul, bmi1, bmi2, adx, fma, vzeroupper, clflush, clflushopt, hv
Processor Information for all 8 processors :
  Max Mhz: 3000, Current Mhz: 3000, Mhz Limit: 3000

Memory: 4k page, system-wide physical 32603M (6565M free)
TotalPageFile size 51353M (AvailPageFile size 93M)
current process WorkingSet (physical memory assigned to process): 70M, peak: 110M
current process commit charge ("private bytes"): 117M, peak: 656M

vm_info: OpenJDK 64-Bit Server VM (17.0.12+1-b1087.25) for windows-amd64 JRE (17.0.12+1-b1087.25), built on 2024-08-30 by "builduser" with MS VC++ 16.10 / 16.11 (VS2019)

END.
