#
# There is insufficient memory for the Java Runtime Environment to continue.
# Native memory allocation (mmap) failed to map 536870912 bytes. Error detail: G1 virtual space
# Possible reasons:
#   The system is out of physical RAM or swap space
#   This process is running with CompressedOops enabled, and the Java Heap may be blocking the growth of the native heap
# Possible solutions:
#   Reduce memory load on the system
#   Increase physical memory or swap space
#   Check if swap backing store is full
#   Decrease Java heap size (-Xmx/-Xms)
#   Decrease number of Java threads
#   Decrease Java thread stack sizes (-Xss)
#   Set larger code cache with -XX:ReservedCodeCacheSize=
#   JVM is running with Zero Based Compressed Oops mode in which the Java heap is
#     placed in the first 32GB address space. The Java Heap base address is the
#     maximum limit for the native heap growth. Please use -XX:HeapBaseMinAddress
#     to set the Java Heap base and to place the Java Heap above 32GB virtual address.
# This output file may be truncated or incomplete.
#
#  Out of Memory Error (os_windows.cpp:3825), pid=93192, tid=27164
#
# JRE version:  (17.0.12+1) (build )
# Java VM: OpenJDK 64-Bit Server VM (17.0.12+1-b1087.25, mixed mode, sharing, tiered, compressed oops, compressed class ptrs, g1 gc, windows-amd64)
# No core dump will be written. Minidumps are not enabled by default on client versions of Windows
#

---------------  S U M M A R Y ------------

Command Line: -Dfile.encoding=GBK D:\devecostudio\5.1.1.851\5.1.1.deveco\DevEco-Studio\sdk\default\openharmony\toolchains\lib\app_packing_tool.jar --mode hap --force true --lib-path E:\project\chemfig\code\formula-ffi\entry\build\default\intermediates\stripped_native_libs\default --json-path E:\project\chemfig\code\formula-ffi\entry\build\default\intermediates\package\default\module.json --resources-path E:\project\chemfig\code\formula-ffi\entry\build\default\intermediates\res\default\resources --index-path E:\project\chemfig\code\formula-ffi\entry\build\default\intermediates\res\default\resources.index --pack-info-path E:\project\chemfig\code\formula-ffi\entry\build\default\outputs\default\pack.info --out-path E:\project\chemfig\code\formula-ffi\entry\build\default\outputs\default\entry-default-unsigned.hap --ets-path E:\project\chemfig\code\formula-ffi\entry\build\default\intermediates\loader_out\default\ets --pkg-context-path E:\project\chemfig\code\formula-ffi\entry\build\default\intermediates\loader\default\pkgContextInfo.json

Host: Intel(R) Core(TM) i7-9700 CPU @ 3.00GHz, 8 cores, 31G,  Windows 10 , 64 bit Build 19041 (10.0.19041.2364)
Time: Sat Apr 25 16:12:02 2026  Windows 10 , 64 bit Build 19041 (10.0.19041.2364) elapsed time: 0.008159 seconds (0d 0h 0m 0s)

---------------  T H R E A D  ---------------

Current thread (0x0000029f86d699c0):  JavaThread "Unknown thread" [_thread_in_vm, id=27164, stack(0x000000c647700000,0x000000c647800000)]

Stack: [0x000000c647700000,0x000000c647800000]
Native frames: (J=compiled Java code, j=interpreted, Vv=VM code, C=native code)
V  [jvm.dll+0x688dd9]
V  [jvm.dll+0x842eaa]
V  [jvm.dll+0x844aee]
V  [jvm.dll+0x845153]
V  [jvm.dll+0x24ba3f]
V  [jvm.dll+0x685ba9]
V  [jvm.dll+0x67a45a]
V  [jvm.dll+0x30c60b]
V  [jvm.dll+0x313ab6]
V  [jvm.dll+0x363c6e]
V  [jvm.dll+0x363e9f]
V  [jvm.dll+0x2e2658]
V  [jvm.dll+0x2e3594]
V  [jvm.dll+0x813b31]
V  [jvm.dll+0x3719c1]
V  [jvm.dll+0x7f2626]
V  [jvm.dll+0x3f563f]
V  [jvm.dll+0x3f7191]
C  [jli.dll+0x528f]
C  [ucrtbase.dll+0x21bb2]
C  [KERNEL32.DLL+0x17614]
C  [ntdll.dll+0x526a1]


---------------  P R O C E S S  ---------------

Threads class SMR info:
_java_thread_list=0x00007ffe5da40f58, length=0, elements={
}

Java Threads: ( => current thread )

Other Threads:
  0x0000029f86e15b10 GCTaskThread "GC Thread#0" [stack: 0x000000c647800000,0x000000c647900000] [id=93872]
  0x0000029f86e27940 ConcurrentGCThread "G1 Main Marker" [stack: 0x000000c647900000,0x000000c647a00000] [id=34036]
  0x0000029f86e28360 ConcurrentGCThread "G1 Conc#0" [stack: 0x000000c647a00000,0x000000c647b00000] [id=92972]

[error occurred during error reporting (printing all threads), id 0xc0000005, EXCEPTION_ACCESS_VIOLATION (0xc0000005) at pc=0x00007ffe5d1f31c7]

VM state: not at safepoint (not fully initialized)

VM Mutex/Monitor currently owned by a thread:  ([mutex/lock_event])
[0x0000029f86d62cf0] Heap_lock - owner thread: 0x0000029f86d699c0

Heap address: 0x0000000602800000, size: 8152 MB, Compressed Oops mode: Zero based, Oop shift amount: 3

CDS archive(s) mapped at: [0x0000000000000000-0x0000000000000000-0x0000000000000000), size 0, SharedBaseAddress: 0x0000000800000000, ArchiveRelocationMode: 1.
Narrow klass base: 0x0000000000000000, Narrow klass shift: 0, Narrow klass range: 0x0

GC Precious Log:
<Empty>

Heap:
 garbage-first heap   total 0K, used 0K [0x0000000602800000, 0x0000000800000000)
  region size 4096K, 0 young (0K), 0 survivors (0K)
 Metaspace       used 0K, committed 0K, reserved 0K
  class space    used 0K, committed 0K, reserved 0K

Heap Regions: E=young(eden), S=young(survivor), O=old, HS=humongous(starts), HC=humongous(continues), CS=collection set, F=free, OA=open archive, CA=closed archive, TAMS=top-at-mark-start (previous, next)

Card table byte_map: [0x0000029f9a830000,0x0000029f9b820000] _byte_map_base: 0x0000029f9781c000

Marking Bits (Prev, Next): (CMBitMap*) 0x0000029f86e16140, (CMBitMap*) 0x0000029f86e16180
 Prev Bits: [0x0000029f9c810000, 0x0000029fa4770000)
 Next Bits: [0x0000029fa4770000, 0x0000029fac6d0000)

GC Heap History (0 events):
No events

Dll operation events (1 events):
Event: 0.006 Loaded shared library D:\devecostudio\5.1.1.851\5.1.1.deveco\DevEco-Studio\jbr\bin\java.dll

Deoptimization events (0 events):
No events

Classes unloaded (0 events):
No events

Classes redefined (0 events):
No events

Internal exceptions (0 events):
No events

VM Operations (0 events):
No events

Events (0 events):
No events


Dynamic libraries:
0x00007ff761090000 - 0x00007ff76109a000 	D:\devecostudio\5.1.1.851\5.1.1.deveco\DevEco-Studio\jbr\bin\java.exe
0x00007ffee33f0000 - 0x00007ffee35e8000 	C:\windows\SYSTEM32\ntdll.dll
0x00007ffee2190000 - 0x00007ffee224f000 	C:\windows\System32\KERNEL32.DLL
0x00007ffee0e90000 - 0x00007ffee1162000 	C:\windows\System32\KERNELBASE.dll
0x00007ffee0c00000 - 0x00007ffee0d00000 	C:\windows\System32\ucrtbase.dll
0x00007ffed95f0000 - 0x00007ffed9607000 	D:\devecostudio\5.1.1.851\5.1.1.deveco\DevEco-Studio\jbr\bin\jli.dll
0x00007ffece4b0000 - 0x00007ffece4cb000 	D:\devecostudio\5.1.1.851\5.1.1.deveco\DevEco-Studio\jbr\bin\VCRUNTIME140.dll
0x00007ffee1430000 - 0x00007ffee15d1000 	C:\windows\System32\USER32.dll
0x00007ffee0d00000 - 0x00007ffee0d22000 	C:\windows\System32\win32u.dll
0x00007ffee2250000 - 0x00007ffee227b000 	C:\windows\System32\GDI32.dll
0x00007ffebfb90000 - 0x00007ffebfe2a000 	C:\windows\WinSxS\amd64_microsoft.windows.common-controls_6595b64144ccf1df_6.0.19041.1110_none_60b5254171f9507e\COMCTL32.dll
0x00007ffee1170000 - 0x00007ffee127f000 	C:\windows\System32\gdi32full.dll
0x00007ffee2df0000 - 0x00007ffee2e8e000 	C:\windows\System32\msvcrt.dll
0x00007ffee0d30000 - 0x00007ffee0dcd000 	C:\windows\System32\msvcp_win.dll
0x00007ffee1750000 - 0x00007ffee1782000 	C:\windows\System32\IMM32.DLL
0x00007ffedbe40000 - 0x00007ffedbe4c000 	D:\devecostudio\5.1.1.851\5.1.1.deveco\DevEco-Studio\jbr\bin\vcruntime140_1.dll
0x00007ffebff60000 - 0x00007ffebffed000 	D:\devecostudio\5.1.1.851\5.1.1.deveco\DevEco-Studio\jbr\bin\msvcp140.dll
0x00007ffe5cf00000 - 0x00007ffe5db85000 	D:\devecostudio\5.1.1.851\5.1.1.deveco\DevEco-Studio\jbr\bin\server\jvm.dll
0x00007ffee2d40000 - 0x00007ffee2dee000 	C:\windows\System32\ADVAPI32.dll
0x00007ffee16b0000 - 0x00007ffee174c000 	C:\windows\System32\sechost.dll
0x00007ffee1d20000 - 0x00007ffee1e45000 	C:\windows\System32\RPCRT4.dll
0x00007ffee0160000 - 0x00007ffee01ab000 	C:\windows\SYSTEM32\POWRPROF.dll
0x00007ffecbf30000 - 0x00007ffecbf39000 	C:\windows\SYSTEM32\WSOCK32.dll
0x00007ffeb66a0000 - 0x00007ffeb66c7000 	C:\windows\SYSTEM32\WINMM.dll
0x00007ffedb4c0000 - 0x00007ffedb4ca000 	C:\windows\SYSTEM32\VERSION.dll
0x00007ffee2120000 - 0x00007ffee218b000 	C:\windows\System32\WS2_32.dll
0x00007ffee0050000 - 0x00007ffee0062000 	C:\windows\SYSTEM32\UMPDC.dll
0x00007ffede980000 - 0x00007ffede992000 	C:\windows\SYSTEM32\kernel.appcore.dll
0x00007ffecde80000 - 0x00007ffecde8a000 	D:\devecostudio\5.1.1.851\5.1.1.deveco\DevEco-Studio\jbr\bin\jimage.dll
0x00007ffecb200000 - 0x00007ffecb3e4000 	C:\windows\SYSTEM32\DBGHELP.DLL
0x00007ffecaf30000 - 0x00007ffecaf65000 	C:\windows\SYSTEM32\dbgcore.DLL
0x00007ffee0e00000 - 0x00007ffee0e82000 	C:\windows\System32\bcryptPrimitives.dll
0x00007ffeca010000 - 0x00007ffeca035000 	D:\devecostudio\5.1.1.851\5.1.1.deveco\DevEco-Studio\jbr\bin\java.dll

dbghelp: loaded successfully - version: 4.0.5 - missing functions: none
symbol engine: initialized successfully - sym options: 0x614 - pdb path: .;D:\devecostudio\5.1.1.851\5.1.1.deveco\DevEco-Studio\jbr\bin;C:\windows\SYSTEM32;C:\windows\WinSxS\amd64_microsoft.windows.common-controls_6595b64144ccf1df_6.0.19041.1110_none_60b5254171f9507e;D:\devecostudio\5.1.1.851\5.1.1.deveco\DevEco-Studio\jbr\bin\server

VM Arguments:
jvm_args: -Dfile.encoding=GBK 
java_command: D:\devecostudio\5.1.1.851\5.1.1.deveco\DevEco-Studio\sdk\default\openharmony\toolchains\lib\app_packing_tool.jar --mode hap --force true --lib-path E:\project\chemfig\code\formula-ffi\entry\build\default\intermediates\stripped_native_libs\default --json-path E:\project\chemfig\code\formula-ffi\entry\build\default\intermediates\package\default\module.json --resources-path E:\project\chemfig\code\formula-ffi\entry\build\default\intermediates\res\default\resources --index-path E:\project\chemfig\code\formula-ffi\entry\build\default\intermediates\res\default\resources.index --pack-info-path E:\project\chemfig\code\formula-ffi\entry\build\default\outputs\default\pack.info --out-path E:\project\chemfig\code\formula-ffi\entry\build\default\outputs\default\entry-default-unsigned.hap --ets-path E:\project\chemfig\code\formula-ffi\entry\build\default\intermediates\loader_out\default\ets --pkg-context-path E:\project\chemfig\code\formula-ffi\entry\build\default\intermediates\loader\default\pkgContextInfo.json
java_class_path (initial): D:\devecostudio\5.1.1.851\5.1.1.deveco\DevEco-Studio\sdk\default\openharmony\toolchains\lib\app_packing_tool.jar
Launcher Type: SUN_STANDARD

[Global flags]
     intx CICompilerCount                          = 4                                         {product} {ergonomic}
     uint ConcGCThreads                            = 2                                         {product} {ergonomic}
     uint G1ConcRefinementThreads                  = 8                                         {product} {ergonomic}
   size_t G1HeapRegionSize                         = 4194304                                   {product} {ergonomic}
    uintx GCDrainStackTargetSize                   = 64                                        {product} {ergonomic}
   size_t InitialHeapSize                          = 536870912                                 {product} {ergonomic}
   size_t MarkStackSize                            = 4194304                                   {product} {ergonomic}
   size_t MaxHeapSize                              = 8547991552                                {product} {ergonomic}
   size_t MinHeapDeltaBytes                        = 4194304                                   {product} {ergonomic}
   size_t MinHeapSize                              = 8388608                                   {product} {ergonomic}
    uintx NonNMethodCodeHeapSize                   = 5839372                                {pd product} {ergonomic}
    uintx NonProfiledCodeHeapSize                  = 122909434                              {pd product} {ergonomic}
    uintx ProfiledCodeHeapSize                     = 122909434                              {pd product} {ergonomic}
    uintx ReservedCodeCacheSize                    = 251658240                              {pd product} {ergonomic}
     bool SegmentedCodeCache                       = true                                      {product} {ergonomic}
   size_t SoftMaxHeapSize                          = 8547991552                             {manageable} {ergonomic}
     bool UseCompressedClassPointers               = true                           {product lp64_product} {ergonomic}
     bool UseCompressedOops                        = true                           {product lp64_product} {ergonomic}
     bool UseG1GC                                  = true                                      {product} {ergonomic}
     bool UseLargePagesIndividualAllocation        = false                                  {pd product} {ergonomic}

Logging:
Log output configuration:
 #0: stdout all=warning uptime,level,tags
 #1: stderr all=off uptime,level,tags

Environment Variables:
JAVA_HOME=D:\devecostudio\5.1.1.851\5.1.1.deveco\DevEco-Studio\jbr
PATH=D:\devecostudio\5.1.1.851\5.1.1.deveco\DevEco-Studio\tools\node;D:\devecostudio\5.1.1.851\5.1.1.deveco\DevEco-Studio\jbr\bin;C:\windows\system32;C:\windows;C:\windows\System32\Wbem;C:\windows\System32\WindowsPowerShell\v1.0\;C:\windows\System32\OpenSSH\;D:\Git\cmd;D:\Bandizip\;C:\Users\xyhedj\.cangjie-sdk\5.0\cangjie\compiler\tools\bin\cjpm;C:\Users\xyhedj\AppData\Local\Microsoft\WindowsApps;D:\Microsoft VS Code\bin;;%DevEco Studio%
USERNAME=xyhedj
OS=Windows_NT
PROCESSOR_IDENTIFIER=Intel64 Family 6 Model 158 Stepping 13, GenuineIntel
TMP=C:\Users\xyhedj\AppData\Local\Temp
TEMP=C:\Users\xyhedj\AppData\Local\Temp



Periodic native trim disabled

JNI global refs:
JNI global refs: 0, weak refs: 0

JNI global refs memory usage: 0, weak refs: 0

OOME stack traces (most recent first):
Classloader memory used:


---------------  S Y S T E M  ---------------

OS:
 Windows 10 , 64 bit Build 19041 (10.0.19041.2364)
OS uptime: 18 days 7:10 hours
Hyper-V role detected

CPU: total 8 (initial active 8) (8 cores per cpu, 1 threads per core) family 6 model 158 stepping 13 microcode 0xd6, cx8, cmov, fxsr, mmx, 3dnowpref, sse, sse2, sse3, ssse3, sse4.1, sse4.2, popcnt, lzcnt, tsc, tscinvbit, avx, avx2, aes, erms, clmul, bmi1, bmi2, adx, fma, vzeroupper, clflush, clflushopt, hv
Processor Information for all 8 processors :
  Max Mhz: 3000, Current Mhz: 3000, Mhz Limit: 3000

Memory: 4k page, system-wide physical 32603M (6764M free)
TotalPageFile size 51353M (AvailPageFile size 333M)
current process WorkingSet (physical memory assigned to process): 10M, peak: 10M
current process commit charge ("private bytes"): 60M, peak: 572M

vm_info: OpenJDK 64-Bit Server VM (17.0.12+1-b1087.25) for windows-amd64 JRE (17.0.12+1-b1087.25), built on 2024-08-30 by "builduser" with MS VC++ 16.10 / 16.11 (VS2019)

END.
